AutoLogin/AutoLogin
PUBLIC / [no perm required]

Home/About
PUBLIC / [no perm required]

Home/Contact
PUBLIC / [no perm required]

Home/Index
PUBLIC / [no perm required]

Insecure/Index
PUBLIC / [no perm required]

Insecure/ManageOrders
PUBLIC / [no perm required]

Insecure/ModifyOrder
PUBLIC / [no perm required]

Insecure/ModifyOrderAjax
PUBLIC / [no perm required]

Insecure/OrderDetail
PUBLIC / [no perm required]

Insecure/OrderList
PUBLIC / [no perm required]

SecureFeature/Index
PUBLIC / [no perm required]

SecureFeature/ManageOrders
PUBLIC / [no perm required]

SecureFeature/ModifyOrder
PUBLIC / [no perm required]

SecureFeature/ModifyOrderAjax
PUBLIC / [no perm required]

SecureFeature/OrderDetail
PUBLIC / [no perm required]

SecureFeature/OrderList
PUBLIC / [no perm required]

SecureFramework/Index
REQUIRES AUTH / [no perm required]

SecureFramework/ManageOrders
REQUIRES AUTH / ManageOrders

SecureFramework/ModifyOrder
REQUIRES AUTH / [no perm required]

SecureFramework/ModifyOrderAjax
REQUIRES AUTH / [no perm required]

SecureFramework/OrderDetail
REQUIRES AUTH / [no perm required]

SecureFramework/OrderList
REQUIRES AUTH / [no perm required]

SecureFramework/SomeMethodThatShouldBePrivate
REQUIRES AUTH / [no perm required]

SecurityAudit/Index
PUBLIC / [no perm required]

